// Jest Snapshot v1, https://goo.gl/fbAQLP

exports[`Navigation generate nav links should create nav links from config 1`] = `
<div>
  <div
    class="navigationContainer"
  >
    <nav
      class="navigation"
    >
      <div
        class="navMenu"
      >
        <div
          class="navMenu__root"
        >
          <div
            class="navItem navItem__root"
          >
             
            <a
              class="navItem__link"
              href="/"
            >
              Home
            </a>
          </div>
          <ul
            class="navMenu__root__children"
          >
            <li
              class="navItem"
            >
              <a
                class="navItem__link"
                href="/location"
              >
                Location
              </a>
            </li>
            <li
              class="navItem"
            >
              <a
                class="navItem__link"
                href="/booking"
              >
                Booking
              </a>
            </li>
            <li
              class="navItem"
            >
              <a
                class="navItem__link"
                href="/contact-us"
              >
                Contact Us
              </a>
            </li>
          </ul>
        </div>
      </div>
      <div
        class="navMenu"
      >
        <div
          class="navMenu__root"
        >
          <div
            class="navItem navItem__root"
          >
             
            <a
              class="navItem__link"
              href="/about-us"
            >
              About Us
            </a>
          </div>
          <ul
            class="navMenu__root__children"
          >
            <li
              class="navItem"
            >
              <a
                class="navItem__link"
                href="/mission"
              >
                Our Mission
              </a>
            </li>
            <li
              class="navItem"
            >
              <a
                class="navItem__link"
                href="/teachers"
              >
                Our Teachers
              </a>
            </li>
          </ul>
        </div>
      </div>
      <div
        class="navMenu"
      >
        <div
          class="navMenu__root"
        >
          <div
            class="navItem navItem__root"
          >
             
            <a
              class="navItem__link"
              href="/veda-yogshala"
            >
              Veda Yogshala
            </a>
          </div>
          <ul
            class="navMenu__root__children"
          >
            <li
              class="navItem"
            >
              <a
                class="navItem__link"
                href="/veda-yogshala/yoga-classes"
              >
                Yoga Classes
              </a>
            </li>
            <li
              class="navItem"
            >
              <a
                class="navItem__link"
                href="/veda-yogshala/yoga-retreat"
              >
                Yoga Retreat
              </a>
            </li>
            <li
              class="navItem"
            >
              <a
                class="navItem__link"
                href="/veda-yogshala/teacher-training-courses"
              >
                Teachers' Training Courses
              </a>
            </li>
            <li
              class="navItem"
            >
              <a
                class="navItem__link"
                href="/veda-yogshala/language-courses"
              >
                Language Courses
              </a>
            </li>
            <li
              class="navItem"
            >
              <a
                class="navItem__link"
                href="/veda-yogshala/indian-cooking-classes"
              >
                Indian Cooking Classes
              </a>
            </li>
            <li
              class="navItem"
            >
              <a
                class="navItem__link"
                href="/veda-yogshala/pranayama-meditation"
              >
                Pranayama & Meditation
              </a>
            </li>
            <li
              class="navItem"
            >
              <a
                class="navItem__link"
                href="/veda-yogshala/mantra-chanting"
              >
                Mantra Chanting
              </a>
            </li>
            <li
              class="navItem"
            >
              <a
                class="navItem__link"
                href="/veda-yogshala/sound-healing"
              >
                Sound Healing
              </a>
            </li>
            <li
              class="navItem"
            >
              <a
                class="navItem__link"
                href="/veda-yogshala/reiki-healing"
              >
                Reiki Healing
              </a>
            </li>
          </ul>
        </div>
      </div>
      <div
        class="navMenu"
      >
        <div
          class="navMenu__root"
        >
          <div
            class="navItem navItem__root"
          >
             
            <a
              class="navItem__link"
              href="/veda-spa"
            >
              Veda Spa
            </a>
          </div>
          <ul
            class="navMenu__root__children"
          >
            <li
              class="navItem"
            >
              <a
                class="navItem__link"
                href="/veda-spa/spa-treatments"
              >
                Spa Treatments
              </a>
            </li>
          </ul>
        </div>
      </div>
      <div
        class="navMenu"
      >
        <div
          class="navMenu__root"
        >
          <div
            class="navItem navItem__root"
          >
             
            <a
              class="navItem__link"
              href="/blog"
            >
              Blog
            </a>
          </div>
          <ul
            class="navMenu__root__children"
          >
            <li
              class="navItem"
            >
              <a
                class="navItem__link"
                href="/blog/what-is-hatha-yoga"
              >
                What is Hatha Yoga
              </a>
            </li>
            <li
              class="navItem"
            >
              <a
                class="navItem__link"
                href="/blog/more-about-ashtanga"
              >
                More about Ashtanga
              </a>
            </li>
            <li
              class="navItem"
            >
              <a
                class="navItem__link"
                href="/blog/mountain-pose-vs-downward-dog"
              >
                Mountain Pose vs Downward Dog
              </a>
            </li>
          </ul>
        </div>
      </div>
      <div
        class="navMenu"
      >
        <div
          class="navMenu__root"
        >
          <div
            class="navItem navItem__root"
          >
             
            <a
              class="navItem__link"
              href="/gallery"
            >
              Gallery
            </a>
          </div>
          <ul
            class="navMenu__root__children"
          >
            <li
              class="navItem"
            >
              <a
                class="navItem__link"
                href="/gallery/photo"
              >
                Photo
              </a>
            </li>
            <li
              class="navItem"
            >
              <a
                class="navItem__link"
                href="/gallery/video"
              >
                Video
              </a>
            </li>
          </ul>
        </div>
      </div>
    </nav>
  </div>
</div>
`;
