// Jest Snapshot v1, https://goo.gl/fbAQLP

exports[`Navigation generate nav links should create nav links from config 1`] = `
<div>
  <div
    class="navigationContainer"
  >
    <nav
      class="navigation"
    >
      <div
        class="navMenu"
      >
        <div
          class="navMenu__root"
        >
          <div
            class="navItem navItem__root"
          >
            <a
              class="navItem__button"
              href="/"
            >
              Home
            </a>
          </div>
          <ul
            class="navMenu__root__children"
          />
        </div>
      </div>
      <li
        class="navItem"
      >
        <a
          class="navItem__button"
          href="/location"
        >
          Location
        </a>
      </li>
      <li
        class="navItem"
      >
        <a
          class="navItem__button"
          href="/about"
        >
          About Us
        </a>
      </li>
      <li
        class="navItem"
      >
        <a
          class="navItem__button"
          href="/our-mission"
        >
          Our Mission
        </a>
      </li>
      <li
        class="navItem"
      >
        <a
          class="navItem__button"
          href="/teachers"
        >
          Our Teachers
        </a>
      </li>
      <li
        class="navItem"
      >
        <a
          class="navItem__button"
          href="/contact-us"
        >
          Contact Us
        </a>
      </li>
      <li
        class="navItem"
      >
        <a
          class="navItem__button"
          href="/quick-booking"
        >
          Quick Booking
        </a>
      </li>
      <div
        class="navMenu"
      >
        <div
          class="navMenu__root"
        >
          <div
            class="navItem navItem__root"
          >
            <a
              class="navItem__button"
              href="/veda-yogshala"
            >
              Veda Yogshala
            </a>
          </div>
          <ul
            class="navMenu__root__children"
          >
            <li
              class="navItem"
            >
              <a
                class="navItem__button"
                href="/veda-yogshala/yoga-classes"
              >
                Yoga Classes
              </a>
            </li>
            <li
              class="navItem"
            >
              <a
                class="navItem__button"
                href="/veda-yogshala/retreats"
              >
                Retreats
              </a>
            </li>
            <li
              class="navItem"
            >
              <a
                class="navItem__button"
                href="/veda-yogshala/teacher-training-courses"
              >
                Teachers' Training Courses
              </a>
            </li>
            <li
              class="navItem"
            >
              <a
                class="navItem__button"
                href="/veda-yogshala/language-courses"
              >
                Language Courses
              </a>
            </li>
            <li
              class="navItem"
            >
              <a
                class="navItem__button"
                href="/veda-yogshala/indian-cooking-classes"
              >
                Indian Cooking Classes
              </a>
            </li>
            <li
              class="navItem"
            >
              <a
                class="navItem__button"
                href="/veda-yogshala/pranayama-meditation"
              >
                Pranayama & Meditation
              </a>
            </li>
          </ul>
        </div>
      </div>
      <div
        class="navMenu"
      >
        <div
          class="navMenu__root"
        >
          <div
            class="navItem navItem__root"
          >
            <a
              class="navItem__button"
              href="/veda-spa"
            >
              Veda Spa
            </a>
          </div>
          <ul
            class="navMenu__root__children"
          >
            <li
              class="navItem"
            >
              <a
                class="navItem__button"
                href="/veda-spa/spa-treatments"
              >
                Spa Treatments
              </a>
            </li>
          </ul>
        </div>
      </div>
      <div
        class="navMenu"
      >
        <div
          class="navMenu__root"
        >
          <div
            class="navItem navItem__root"
          >
            <a
              class="navItem__button"
              href="/blog"
            >
              Blog
            </a>
          </div>
          <ul
            class="navMenu__root__children"
          >
            <li
              class="navItem"
            >
              <a
                class="navItem__button"
                href="/blog/what-is-hatha-yoga"
              >
                What is Hatha Yoga
              </a>
            </li>
            <li
              class="navItem"
            >
              <a
                class="navItem__button"
                href="/blog/more-about-ashtanga"
              >
                More about Ashtanga
              </a>
            </li>
            <li
              class="navItem"
            >
              <a
                class="navItem__button"
                href="/blog/mountain-pose-vs-downward-dog"
              >
                Mountain Pose vs Downward Dog
              </a>
            </li>
          </ul>
        </div>
      </div>
      <div
        class="navMenu"
      >
        <div
          class="navMenu__root"
        >
          <div
            class="navItem navItem__root"
          >
            <a
              class="navItem__button"
              href="/gallery"
            >
              Gallery
            </a>
          </div>
          <ul
            class="navMenu__root__children"
          >
            <li
              class="navItem"
            >
              <a
                class="navItem__button"
                href="/gallery/photo"
              >
                Photo
              </a>
            </li>
            <li
              class="navItem"
            >
              <a
                class="navItem__button"
                href="/gallery/video"
              >
                Video
              </a>
            </li>
          </ul>
        </div>
      </div>
    </nav>
  </div>
</div>
`;
