// Jest Snapshot v1, https://goo.gl/fbAQLP

exports[`LessonTemplateForm renders form fields 1`] = `
<div>
  <form>
    <div
      class="inputField"
    >
      <label
        for="description"
      >
        Description
      </label>
      <input
        id="description"
        name="description"
        value=""
      />
    </div>
    <div>
      <label
        for="Start Time"
      >
        Start Time
      </label>
      <select
        name="Start Time"
      >
        <option
          value=""
        >
          Select an option
        </option>
        <option
          value="0"
        >
          12 AM
        </option>
        <option
          value="0.5"
        >
          12:30 AM
        </option>
        <option
          value="1"
        >
          1 AM
        </option>
        <option
          value="1.5"
        >
          1:30 AM
        </option>
        <option
          value="1"
        >
          2 AM
        </option>
        <option
          value="2.5"
        >
          2:30 AM
        </option>
        <option
          value="3"
        >
          3 AM
        </option>
        <option
          value="3.5"
        >
          3:30 AM
        </option>
        <option
          value="4"
        >
          4 AM
        </option>
        <option
          value="4.5"
        >
          4:30 AM
        </option>
        <option
          value="5"
        >
          5 AM
        </option>
        <option
          value="5.5"
        >
          5:30 AM
        </option>
        <option
          value="6"
        >
          6 AM
        </option>
        <option
          value="6.5"
        >
          6:30 AM
        </option>
        <option
          value="7"
        >
          7 AM
        </option>
        <option
          value="7.5"
        >
          7:30 AM
        </option>
        <option
          value="8"
        >
          8 AM
        </option>
        <option
          value="8.5"
        >
          8:30 AM
        </option>
        <option
          value="9"
        >
          9 AM
        </option>
        <option
          value="9.5"
        >
          9:30 AM
        </option>
        <option
          value="10"
        >
          10 AM
        </option>
        <option
          value="10.5"
        >
          10:30 AM
        </option>
        <option
          value="11"
        >
          11 AM
        </option>
        <option
          value="11.5"
        >
          11:30 AM
        </option>
        <option
          value="12"
        >
          12 PM
        </option>
        <option
          value="12.5"
        >
          12:30 PM
        </option>
        <option
          value="13"
        >
          1 PM
        </option>
        <option
          value="13.5"
        >
          1:30 PM
        </option>
        <option
          value="14"
        >
          2 PM
        </option>
        <option
          value="14.5"
        >
          2:30 PM
        </option>
        <option
          value="15"
        >
          3 PM
        </option>
        <option
          value="15.5"
        >
          3:30 PM
        </option>
        <option
          value="16"
        >
          4 PM
        </option>
        <option
          value="16.5"
        >
          4:30 PM
        </option>
        <option
          value="17"
        >
          5 PM
        </option>
        <option
          value="17.5"
        >
          5:30 PM
        </option>
        <option
          value="18"
        >
          6 PM
        </option>
        <option
          value="18.5"
        >
          6:30 PM
        </option>
        <option
          value="19"
        >
          7 PM
        </option>
        <option
          value="19.5"
        >
          7:30 PM
        </option>
        <option
          value="20"
        >
          8 PM
        </option>
        <option
          value="20.5"
        >
          8:30 PM
        </option>
        <option
          value="21"
        >
          9 PM
        </option>
        <option
          value="21.5"
        >
          9:30 PM
        </option>
        <option
          value="22"
        >
          10 PM
        </option>
        <option
          value="22.5"
        >
          10:30 PM
        </option>
        <option
          value="23"
        >
          11 PM
        </option>
        <option
          value="23.5"
        >
          11:30 PM
        </option>
      </select>
    </div>
    <div>
      <label
        for="End Time"
      >
        End Time
      </label>
      <select
        name="End Time"
      >
        <option
          value=""
        >
          Select an option
        </option>
        <option
          value="0"
        >
          12 AM
        </option>
        <option
          value="0.5"
        >
          12:30 AM
        </option>
        <option
          value="1"
        >
          1 AM
        </option>
        <option
          value="1.5"
        >
          1:30 AM
        </option>
        <option
          value="1"
        >
          2 AM
        </option>
        <option
          value="2.5"
        >
          2:30 AM
        </option>
        <option
          value="3"
        >
          3 AM
        </option>
        <option
          value="3.5"
        >
          3:30 AM
        </option>
        <option
          value="4"
        >
          4 AM
        </option>
        <option
          value="4.5"
        >
          4:30 AM
        </option>
        <option
          value="5"
        >
          5 AM
        </option>
        <option
          value="5.5"
        >
          5:30 AM
        </option>
        <option
          value="6"
        >
          6 AM
        </option>
        <option
          value="6.5"
        >
          6:30 AM
        </option>
        <option
          value="7"
        >
          7 AM
        </option>
        <option
          value="7.5"
        >
          7:30 AM
        </option>
        <option
          value="8"
        >
          8 AM
        </option>
        <option
          value="8.5"
        >
          8:30 AM
        </option>
        <option
          value="9"
        >
          9 AM
        </option>
        <option
          value="9.5"
        >
          9:30 AM
        </option>
        <option
          value="10"
        >
          10 AM
        </option>
        <option
          value="10.5"
        >
          10:30 AM
        </option>
        <option
          value="11"
        >
          11 AM
        </option>
        <option
          value="11.5"
        >
          11:30 AM
        </option>
        <option
          value="12"
        >
          12 PM
        </option>
        <option
          value="12.5"
        >
          12:30 PM
        </option>
        <option
          value="13"
        >
          1 PM
        </option>
        <option
          value="13.5"
        >
          1:30 PM
        </option>
        <option
          value="14"
        >
          2 PM
        </option>
        <option
          value="14.5"
        >
          2:30 PM
        </option>
        <option
          value="15"
        >
          3 PM
        </option>
        <option
          value="15.5"
        >
          3:30 PM
        </option>
        <option
          value="16"
        >
          4 PM
        </option>
        <option
          value="16.5"
        >
          4:30 PM
        </option>
        <option
          value="17"
        >
          5 PM
        </option>
        <option
          value="17.5"
        >
          5:30 PM
        </option>
        <option
          value="18"
        >
          6 PM
        </option>
        <option
          value="18.5"
        >
          6:30 PM
        </option>
        <option
          value="19"
        >
          7 PM
        </option>
        <option
          value="19.5"
        >
          7:30 PM
        </option>
        <option
          value="20"
        >
          8 PM
        </option>
        <option
          value="20.5"
        >
          8:30 PM
        </option>
        <option
          value="21"
        >
          9 PM
        </option>
        <option
          value="21.5"
        >
          9:30 PM
        </option>
        <option
          value="22"
        >
          10 PM
        </option>
        <option
          value="22.5"
        >
          10:30 PM
        </option>
        <option
          value="23"
        >
          11 PM
        </option>
        <option
          value="23.5"
        >
          11:30 PM
        </option>
      </select>
    </div>
    <div>
      <label>
        Room/Location
      </label>
      <input
        name="roomLocation"
        value=""
      />
    </div>
    <div>
      <label>
        Price
      </label>
      <input
        name="price"
        type="number"
        value="-1"
      />
    </div>
    <div>
      <label
        for="Currency"
      >
        Currency
      </label>
      <select
        name="Currency"
      >
        <option
          value=""
        >
          Select an option
        </option>
        <option
          value="INR"
        >
          Indian Rupee
        </option>
        <option
          value="USD"
        >
          US Dollar
        </option>
        <option
          value="EUR"
        >
          Euro
        </option>
        <option
          value="GBP"
        >
          British Pound
        </option>
        <option
          value="AUD"
        >
          Australian Dollar
        </option>
        <option
          value="CAD"
        >
          Canadian Dollar
        </option>
      </select>
    </div>
    <div>
      <label>
        Lesson Name
      </label>
      <input
        name="lessonName"
        value=""
      />
    </div>
    <div>
      <label
        for="Instructor Name"
      >
        Instructor Name
      </label>
      <select
        name="Instructor Name"
      >
        <option
          value=""
        >
          Select an option
        </option>
      </select>
    </div>
    <div>
      <div
        class="inputField"
      >
        <label>
          Number of available slots
        </label>
        <input
          type="number"
          value=""
        />
      </div>
    </div>
    <button
      type="submit"
    >
      Create Lesson
    </button>
  </form>
</div>
`;
