// Jest Snapshot v1, https://goo.gl/fbAQLP

exports[`LessonTemplateForm renders form fields 1`] = `
<div>
  <form>
    <div
      class="inputField"
    >
      <label
        for="description"
      >
        Description
      </label>
      <input
        id="description"
        name="description"
        value=""
      />
      <span
        class="errorMessage"
      >
        Description is required
      </span>
    </div>
    <div>
      <label
        for="Start Time"
      >
        Start Time
      </label>
      <select
        name="Start Time"
      >
        <option
          value="-1"
        >
          Select an option
        </option>
        <option
          value="0"
        >
          12 AM
        </option>
        <option
          value="0.5"
        >
          12:30 AM
        </option>
        <option
          value="1"
        >
          1 AM
        </option>
        <option
          value="1.5"
        >
          1:30 AM
        </option>
        <option
          value="1"
        >
          2 AM
        </option>
        <option
          value="2.5"
        >
          2:30 AM
        </option>
        <option
          value="3"
        >
          3 AM
        </option>
        <option
          value="3.5"
        >
          3:30 AM
        </option>
        <option
          value="4"
        >
          4 AM
        </option>
        <option
          value="4.5"
        >
          4:30 AM
        </option>
        <option
          value="5"
        >
          5 AM
        </option>
        <option
          value="5.5"
        >
          5:30 AM
        </option>
        <option
          value="6"
        >
          6 AM
        </option>
        <option
          value="6.5"
        >
          6:30 AM
        </option>
        <option
          value="7"
        >
          7 AM
        </option>
        <option
          value="7.5"
        >
          7:30 AM
        </option>
        <option
          value="8"
        >
          8 AM
        </option>
        <option
          value="8.5"
        >
          8:30 AM
        </option>
        <option
          value="9"
        >
          9 AM
        </option>
        <option
          value="9.5"
        >
          9:30 AM
        </option>
        <option
          value="10"
        >
          10 AM
        </option>
        <option
          value="10.5"
        >
          10:30 AM
        </option>
        <option
          value="11"
        >
          11 AM
        </option>
        <option
          value="11.5"
        >
          11:30 AM
        </option>
        <option
          value="12"
        >
          12 PM
        </option>
        <option
          value="12.5"
        >
          12:30 PM
        </option>
        <option
          value="13"
        >
          1 PM
        </option>
        <option
          value="13.5"
        >
          1:30 PM
        </option>
        <option
          value="14"
        >
          2 PM
        </option>
        <option
          value="14.5"
        >
          2:30 PM
        </option>
        <option
          value="15"
        >
          3 PM
        </option>
        <option
          value="15.5"
        >
          3:30 PM
        </option>
        <option
          value="16"
        >
          4 PM
        </option>
        <option
          value="16.5"
        >
          4:30 PM
        </option>
        <option
          value="17"
        >
          5 PM
        </option>
        <option
          value="17.5"
        >
          5:30 PM
        </option>
        <option
          value="18"
        >
          6 PM
        </option>
        <option
          value="18.5"
        >
          6:30 PM
        </option>
        <option
          value="19"
        >
          7 PM
        </option>
        <option
          value="19.5"
        >
          7:30 PM
        </option>
        <option
          value="20"
        >
          8 PM
        </option>
        <option
          value="20.5"
        >
          8:30 PM
        </option>
        <option
          value="21"
        >
          9 PM
        </option>
        <option
          value="21.5"
        >
          9:30 PM
        </option>
        <option
          value="22"
        >
          10 PM
        </option>
        <option
          value="22.5"
        >
          10:30 PM
        </option>
        <option
          value="23"
        >
          11 PM
        </option>
        <option
          value="23.5"
        >
          11:30 PM
        </option>
      </select>
      <span>
        Start time is required and should not be in the past
      </span>
    </div>
    <div>
      <label
        for="End Time"
      >
        End Time
      </label>
      <select
        name="End Time"
      >
        <option
          value="-1"
        >
          Select an option
        </option>
        <option
          value="0"
        >
          12 AM
        </option>
        <option
          value="0.5"
        >
          12:30 AM
        </option>
        <option
          value="1"
        >
          1 AM
        </option>
        <option
          value="1.5"
        >
          1:30 AM
        </option>
        <option
          value="1"
        >
          2 AM
        </option>
        <option
          value="2.5"
        >
          2:30 AM
        </option>
        <option
          value="3"
        >
          3 AM
        </option>
        <option
          value="3.5"
        >
          3:30 AM
        </option>
        <option
          value="4"
        >
          4 AM
        </option>
        <option
          value="4.5"
        >
          4:30 AM
        </option>
        <option
          value="5"
        >
          5 AM
        </option>
        <option
          value="5.5"
        >
          5:30 AM
        </option>
        <option
          value="6"
        >
          6 AM
        </option>
        <option
          value="6.5"
        >
          6:30 AM
        </option>
        <option
          value="7"
        >
          7 AM
        </option>
        <option
          value="7.5"
        >
          7:30 AM
        </option>
        <option
          value="8"
        >
          8 AM
        </option>
        <option
          value="8.5"
        >
          8:30 AM
        </option>
        <option
          value="9"
        >
          9 AM
        </option>
        <option
          value="9.5"
        >
          9:30 AM
        </option>
        <option
          value="10"
        >
          10 AM
        </option>
        <option
          value="10.5"
        >
          10:30 AM
        </option>
        <option
          value="11"
        >
          11 AM
        </option>
        <option
          value="11.5"
        >
          11:30 AM
        </option>
        <option
          value="12"
        >
          12 PM
        </option>
        <option
          value="12.5"
        >
          12:30 PM
        </option>
        <option
          value="13"
        >
          1 PM
        </option>
        <option
          value="13.5"
        >
          1:30 PM
        </option>
        <option
          value="14"
        >
          2 PM
        </option>
        <option
          value="14.5"
        >
          2:30 PM
        </option>
        <option
          value="15"
        >
          3 PM
        </option>
        <option
          value="15.5"
        >
          3:30 PM
        </option>
        <option
          value="16"
        >
          4 PM
        </option>
        <option
          value="16.5"
        >
          4:30 PM
        </option>
        <option
          value="17"
        >
          5 PM
        </option>
        <option
          value="17.5"
        >
          5:30 PM
        </option>
        <option
          value="18"
        >
          6 PM
        </option>
        <option
          value="18.5"
        >
          6:30 PM
        </option>
        <option
          value="19"
        >
          7 PM
        </option>
        <option
          value="19.5"
        >
          7:30 PM
        </option>
        <option
          value="20"
        >
          8 PM
        </option>
        <option
          value="20.5"
        >
          8:30 PM
        </option>
        <option
          value="21"
        >
          9 PM
        </option>
        <option
          value="21.5"
        >
          9:30 PM
        </option>
        <option
          value="22"
        >
          10 PM
        </option>
        <option
          value="22.5"
        >
          10:30 PM
        </option>
        <option
          value="23"
        >
          11 PM
        </option>
        <option
          value="23.5"
        >
          11:30 PM
        </option>
      </select>
      <span>
        End time is required
      </span>
    </div>
    <div>
      <label
        for="Day of the Week"
      >
        Day of the Week
      </label>
      <select
        name="Day of the Week"
      >
        <option
          value="-1"
        >
          Select an option
        </option>
        <option
          value="7"
        >
          Sunday
        </option>
        <option
          value="1"
        >
          Monday
        </option>
        <option
          value="2"
        >
          Tuesday
        </option>
        <option
          value="3"
        >
          Wednesday
        </option>
        <option
          value="4"
        >
          Thursday
        </option>
        <option
          value="5"
        >
          Friday
        </option>
        <option
          value="6"
        >
          Saturday
        </option>
      </select>
      <span>
        Please specify the day of the week the lesson will take place
      </span>
    </div>
    <div>
      <div
        class="inputField"
      >
        <label
          for="room"
        >
          Room
        </label>
        <input
          id="room"
          name="room"
          value=""
        />
      </div>
    </div>
    <div
      class="inputField"
    >
      <label
        for="location"
      >
        Location
      </label>
      <input
        id="location"
        name="location"
        value=""
      />
    </div>
    <div>
      <div
        class="inputField"
      >
        <label
          for="price"
        >
          Price
        </label>
        <input
          id="price"
          name="price"
          type="number"
          value="0"
        />
      </div>
      <span>
        Price is required
      </span>
    </div>
    <div>
      <label
        for="Currency"
      >
        Currency
      </label>
      <select
        name="Currency"
      >
        <option>
          Select a currency
        </option>
        <option
          value="INR"
        >
          Indian Rupee
        </option>
        <option
          value="USD"
        >
          US Dollar
        </option>
        <option
          value="EUR"
        >
          Euro
        </option>
        <option
          value="GBP"
        >
          British Pound
        </option>
        <option
          value="AUD"
        >
          Australian Dollar
        </option>
        <option
          value="CAD"
        >
          Canadian Dollar
        </option>
      </select>
      <span>
        Currency is required
      </span>
    </div>
    <div>
      <div
        class="inputField"
      >
        <label
          for="lessonName"
        >
          Lesson Name
        </label>
        <input
          id="lessonName"
          name="lessonName"
          value=""
        />
        <span
          class="errorMessage"
        >
          Lesson name is required
        </span>
      </div>
    </div>
    <div>
      <label
        for="Instructor Name"
      >
        Instructor Name
      </label>
      <select
        name="Instructor Name"
      >
        <option>
          Select an option
        </option>
      </select>
    </div>
    <div>
      <div
        class="inputField"
      >
        <label
          for="availability"
        >
          Number of available slots
        </label>
        <input
          id="availability"
          name="availability"
          type="number"
          value="30"
        />
      </div>
    </div>
  </form>
</div>
`;
