// Jest Snapshot v1, https://goo.gl/fbAQLP

exports[`SignupForm renders the form 1`] = `
<div>
  <div
    class="signupFormContainer"
  >
    <form>
      <div
        class="formGroup"
      >
        <label
          for="name"
        >
          Name:
        </label>
        <input
          id="name"
          name="name"
          type="text"
          value=""
        />
      </div>
      <div
        class="formGroup"
      >
        <label
          for="email"
        >
          Email:
        </label>
        <input
          id="email"
          name="email"
          type="email"
          value=""
        />
      </div>
      <div
        class="formGroup"
      >
        <label
          for="password"
        >
          Password:
        </label>
        <input
          id="password"
          name="password"
          type="password"
          value=""
        />
      </div>
      <div
        class="formGroup"
      >
        <label
          for="phone"
        >
          Phone Number (Optional):
        </label>
        <input
          id="phone"
          name="phone"
          type="text"
          value=""
        />
      </div>
      <button
        type="submit"
      >
        <span>
          Sign Up
        </span>
      </button>
    </form>
  </div>
</div>
`;
